[debug] [2026-05-06T08:22:32.715Z] ----------------------------------------------------------------------
[debug] [2026-05-06T08:22:32.716Z] Command:       C:\Program Files\nodejs\node.exe C:\Users\darja\AppData\Roaming\npm\node_modules\firebase-tools\lib\bin\firebase.js emulators:start --only functions
[debug] [2026-05-06T08:22:32.717Z] CLI Version:   15.16.0
[debug] [2026-05-06T08:22:32.717Z] Platform:      win32
[debug] [2026-05-06T08:22:32.717Z] Node Version:  v24.14.1
[debug] [2026-05-06T08:22:32.717Z] Time:          Wed May 06 2026 11:22:32 GMT+0300 (Москва, стандартное время)
[debug] [2026-05-06T08:22:32.717Z] ----------------------------------------------------------------------
[debug] 
[debug] [2026-05-06T08:22:33.429Z] > command requires scopes: ["email","openid","https://www.googleapis.com/auth/cloudplatformprojects.readonly","https://www.googleapis.com/auth/firebase","https://www.googleapis.com/auth/cloud-platform"]
[debug] [2026-05-06T08:22:33.429Z] > authorizing via signed-in user (darya.denisova04@gmail.com)
[info] i  emulators: Starting emulators: functions {"metadata":{"emulator":{"name":"hub"},"message":"Starting emulators: functions"}}
[debug] [2026-05-06T08:22:33.436Z] [logging] Logging Emulator only supports listening on one address (127.0.0.1). Not listening on ::1
[debug] [2026-05-06T08:22:33.436Z] assigned listening specs for emulators {"user":{"hub":[{"address":"127.0.0.1","family":"IPv4","port":4400},{"address":"::1","family":"IPv6","port":4400}],"ui":[{"address":"127.0.0.1","family":"IPv4","port":4000},{"address":"::1","family":"IPv6","port":4000}],"logging":[{"address":"127.0.0.1","family":"IPv4","port":4500}]},"metadata":{"message":"assigned listening specs for emulators"}}
[debug] [2026-05-06T08:22:33.439Z] Write emulator hub locator at C:\Users\darja\AppData\Local\Temp\hub-emotion-diary-24141.json
[debug] [2026-05-06T08:22:33.446Z] [functions] Functions Emulator only supports listening on one address (127.0.0.1). Not listening on ::1
[debug] [2026-05-06T08:22:33.446Z] [eventarc] Eventarc Emulator only supports listening on one address (127.0.0.1). Not listening on ::1
[debug] [2026-05-06T08:22:33.446Z] [tasks] Cloud Tasks Emulator only supports listening on one address (127.0.0.1). Not listening on ::1
[debug] [2026-05-06T08:22:33.447Z] late-assigned ports for functions and eventarc emulators {"user":{"hub":[{"address":"127.0.0.1","family":"IPv4","port":4400},{"address":"::1","family":"IPv6","port":4400}],"ui":[{"address":"127.0.0.1","family":"IPv4","port":4000},{"address":"::1","family":"IPv6","port":4000}],"logging":[{"address":"127.0.0.1","family":"IPv4","port":4500}],"functions":[{"address":"127.0.0.1","family":"IPv4","port":5001}],"eventarc":[{"address":"127.0.0.1","family":"IPv4","port":9299}],"tasks":[{"address":"127.0.0.1","family":"IPv4","port":9499}]},"metadata":{"message":"late-assigned ports for functions and eventarc emulators"}}
[warn] !  functions: The following emulators are not running, calls to these services from the Functions emulator will affect production: apphosting, auth, firestore, database, hosting, pubsub, storage, dataconnect {"metadata":{"emulator":{"name":"functions"},"message":"The following emulators are not running, calls to these services from the Functions emulator will affect production: \u001b[1mapphosting, auth, firestore, database, hosting, pubsub, storage, dataconnect\u001b[22m"}}
[debug] [2026-05-06T08:22:33.460Z] defaultcredentials: writing to file C:\Users\darja\AppData\Roaming\firebase\darya_denisova04_gmail.com_application_default_credentials.json
[debug] [2026-05-06T08:22:33.461Z] Setting GAC to C:\Users\darja\AppData\Roaming\firebase\darya_denisova04_gmail.com_application_default_credentials.json {"metadata":{"emulator":{"name":"functions"},"message":"Setting GAC to C:\\Users\\darja\\AppData\\Roaming\\firebase\\darya_denisova04_gmail.com_application_default_credentials.json"}}
[debug] [2026-05-06T08:22:33.461Z] Checked if tokens are valid: true, expires at: 1778058119764
[debug] [2026-05-06T08:22:33.461Z] Checked if tokens are valid: true, expires at: 1778058119764
[debug] [2026-05-06T08:22:33.462Z] >>> [apiv2][query] GET https://firebase.googleapis.com/v1beta1/projects/emotion-diary-24141/adminSdkConfig [none]
[debug] [2026-05-06T08:22:34.125Z] <<< [apiv2][status] GET https://firebase.googleapis.com/v1beta1/projects/emotion-diary-24141/adminSdkConfig 200
[debug] [2026-05-06T08:22:34.125Z] <<< [apiv2][body] GET https://firebase.googleapis.com/v1beta1/projects/emotion-diary-24141/adminSdkConfig {"projectId":"emotion-diary-24141","storageBucket":"emotion-diary-24141.firebasestorage.app"}
[info] i  functions: Watching "C:\academy\final-project-2-semester\emotion-app\functions" for Cloud Functions... {"metadata":{"emulator":{"name":"functions"},"message":"Watching \"C:\\academy\\final-project-2-semester\\emotion-app\\functions\" for Cloud Functions..."}}
[debug] [2026-05-06T08:22:34.179Z] Validating nodejs source
[debug] [2026-05-06T08:22:34.717Z] > [functions] package.json contents: {
  "name": "functions",
  "scripts": {
    "lint": "eslint --ext .js,.ts .",
    "build": "tsc",
    "build:watch": "tsc --watch",
    "serve": "npm run build && firebase emulators:start --only functions",
    "shell": "npm run build && firebase functions:shell",
    "start": "npm run shell",
    "deploy": "firebase deploy --only functions",
    "logs": "firebase functions:log"
  },
  "engines": {
    "node": "24"
  },
  "main": "lib/index.js",
  "dependencies": {
    "firebase-admin": "^13.6.0",
    "firebase-functions": "^7.0.0"
  },
  "devDependencies": {
    "@typescript-eslint/eslint-plugin": "^5.12.0",
    "@typescript-eslint/parser": "^5.12.0",
    "eslint": "^8.9.0",
    "eslint-config-google": "^0.14.0",
    "eslint-plugin-import": "^2.25.4",
    "firebase-functions-test": "^3.4.1",
    "typescript": "^6.0.0"
  },
  "private": true
}
[debug] [2026-05-06T08:22:34.718Z] Building nodejs source
[debug] [2026-05-06T08:22:34.718Z] Failed to find version of module node: reached end of search path C:\academy\final-project-2-semester\emotion-app\functions\node_modules
[info] +  functions: Using node@24 from host. 
[debug] [2026-05-06T08:22:34.720Z] Could not find functions.yaml. Must use http discovery
[debug] [2026-05-06T08:22:34.723Z] Found firebase-functions binary at 'C:\academy\final-project-2-semester\emotion-app\functions\node_modules\.bin\firebase-functions'
[info] Serving at port 8196

[debug] [2026-05-06T08:22:35.109Z] Got response from /__/functions.yaml {"endpoints":{"analyzeEmotion":{"availableMemoryMb":null,"timeoutSeconds":null,"minInstances":null,"maxInstances":10,"ingressSettings":null,"concurrency":null,"serviceAccountEmail":null,"vpc":null,"platform":"gcfv2","region":["europe-west1"],"labels":{},"callableTrigger":{},"entryPoint":"analyzeEmotion"}},"specVersion":"v1alpha1","requiredAPIs":[],"extensions":{}}
[info] +  functions: Loaded functions definitions from source: analyzeEmotion. {"metadata":{"emulator":{"name":"functions"},"message":"Loaded functions definitions from source: analyzeEmotion."}}
[info] +  functions[europe-west1-analyzeEmotion]: http function initialized (http://127.0.0.1:5001/emotion-diary-24141/europe-west1/analyzeEmotion). {"metadata":{"emulator":{"name":"functions"},"message":"\u001b[1mhttp\u001b[22m function initialized (http://127.0.0.1:5001/emotion-diary-24141/europe-west1/analyzeEmotion)."}}
[debug] [2026-05-06T08:22:39.140Z] Could not find VSCode notification endpoint: FetchError: request to http://localhost:40001/vscode/notify failed, reason: . If you are not running the Firebase SQL Connect VSCode extension, this is expected and not an issue.
[info] 
┌─────────────────────────────────────────────────────────────┐
│ ✔  All emulators ready! It is now safe to connect your app. │
│ i  View Emulator UI at http://127.0.0.1:4000/               │
└─────────────────────────────────────────────────────────────┘

┌───────────┬────────────────┬─────────────────────────────────┐
│ Emulator  │ Host:Port      │ View in Emulator UI             │
├───────────┼────────────────┼─────────────────────────────────┤
│ Functions │ 127.0.0.1:5001 │ http://127.0.0.1:4000/functions │
└───────────┴────────────────┴─────────────────────────────────┘
  Emulator Hub host: 127.0.0.1 port: 4400
  Other reserved ports: 4500

Issues? Report them at https://github.com/firebase/firebase-tools/issues and attach the *-debug.log files.
 
[debug] [2026-05-06T08:23:23.446Z] [work-queue] {"queuedWork":["/emotion-diary-24141/europe-west1/analyzeEmotion-2026-05-06T08:23:23.445Z"],"queueLength":1,"runningWork":[],"workRunningCount":0}
[debug] [2026-05-06T08:23:23.446Z] [work-queue] {"queuedWork":[],"queueLength":0,"runningWork":["/emotion-diary-24141/europe-west1/analyzeEmotion-2026-05-06T08:23:23.445Z"],"workRunningCount":1}
[debug] [2026-05-06T08:23:23.447Z] Accepted request OPTIONS /emotion-diary-24141/europe-west1/analyzeEmotion --> europe-west1-analyzeEmotion
[debug] [2026-05-06T08:23:23.449Z] [functions] Runtime ready! Sending request! {"metadata":{"emulator":{"name":"functions"},"message":"[functions] Runtime ready! Sending request!"}}
[debug] [2026-05-06T08:23:23.449Z] [functions] Got req.url=/emotion-diary-24141/europe-west1/analyzeEmotion, mapping to path=/ {"metadata":{"emulator":{"name":"functions"},"message":"[functions] Got req.url=/emotion-diary-24141/europe-west1/analyzeEmotion, mapping to path=/"}}
[debug] [2026-05-06T08:23:23.464Z] [worker-pool] addWorker(europe-west1-analyzeEmotion) {"metadata":{"emulator":{"name":"functions"},"message":"[worker-pool] addWorker(europe-west1-analyzeEmotion)"}}
[debug] [2026-05-06T08:23:23.465Z] [worker-pool] Adding worker with key europe-west1-analyzeEmotion, total=1 {"metadata":{"emulator":{"name":"functions"},"message":"[worker-pool] Adding worker with key europe-west1-analyzeEmotion, total=1"}}
[debug] [2026-05-06T08:23:24.016Z] [runtime-status] [20532] Resolved module firebase-admin {"declared":true,"installed":true,"version":"13.8.0","resolution":"C:\\academy\\final-project-2-semester\\emotion-app\\functions\\node_modules\\firebase-admin\\lib\\index.js"} {"metadata":{"emulator":{"name":"functions"},"function":{"name":"europe-west1-analyzeEmotion"},"extension":{},"message":"[runtime-status] [20532] Resolved module firebase-admin {\"declared\":true,\"installed\":true,\"version\":\"13.8.0\",\"resolution\":\"C:\\\\academy\\\\final-project-2-semester\\\\emotion-app\\\\functions\\\\node_modules\\\\firebase-admin\\\\lib\\\\index.js\"}"}}
[debug] [2026-05-06T08:23:24.017Z] [runtime-status] [20532] Resolved module firebase-functions {"declared":true,"installed":true,"version":"7.2.5","resolution":"C:\\academy\\final-project-2-semester\\emotion-app\\functions\\node_modules\\firebase-functions\\lib\\v2\\index.js"} {"metadata":{"emulator":{"name":"functions"},"function":{"name":"europe-west1-analyzeEmotion"},"extension":{},"message":"[runtime-status] [20532] Resolved module firebase-functions {\"declared\":true,\"installed\":true,\"version\":\"7.2.5\",\"resolution\":\"C:\\\\academy\\\\final-project-2-semester\\\\emotion-app\\\\functions\\\\node_modules\\\\firebase-functions\\\\lib\\\\v2\\\\index.js\"}"}}
[debug] [2026-05-06T08:23:24.017Z] [runtime-status] [20532] Outgoing network have been stubbed. [{"name":"http","status":"mocked"},{"name":"http","status":"mocked"},{"name":"https","status":"mocked"},{"name":"https","status":"mocked"},{"name":"net","status":"mocked"}] {"metadata":{"emulator":{"name":"functions"},"function":{"name":"europe-west1-analyzeEmotion"},"extension":{},"message":"[runtime-status] [20532] Outgoing network have been stubbed. [{\"name\":\"http\",\"status\":\"mocked\"},{\"name\":\"http\",\"status\":\"mocked\"},{\"name\":\"https\",\"status\":\"mocked\"},{\"name\":\"https\",\"status\":\"mocked\"},{\"name\":\"net\",\"status\":\"mocked\"}]"}}
[debug] [2026-05-06T08:23:24.017Z] [runtime-status] [20532] Resolved module firebase-functions {"declared":true,"installed":true,"version":"7.2.5","resolution":"C:\\academy\\final-project-2-semester\\emotion-app\\functions\\node_modules\\firebase-functions\\lib\\v2\\index.js"} {"metadata":{"emulator":{"name":"functions"},"function":{"name":"europe-west1-analyzeEmotion"},"extension":{},"message":"[runtime-status] [20532] Resolved module firebase-functions {\"declared\":true,\"installed\":true,\"version\":\"7.2.5\",\"resolution\":\"C:\\\\academy\\\\final-project-2-semester\\\\emotion-app\\\\functions\\\\node_modules\\\\firebase-functions\\\\lib\\\\v2\\\\index.js\"}"}}
[debug] [2026-05-06T08:23:24.018Z] [runtime-status] [20532] Detected firebase-functions v7+, skipping legacy stubs. {"metadata":{"emulator":{"name":"functions"},"function":{"name":"europe-west1-analyzeEmotion"},"extension":{},"message":"[runtime-status] [20532] Detected firebase-functions v7+, skipping legacy stubs."}}
[debug] [2026-05-06T08:23:24.018Z] [runtime-status] [20532] Resolved module firebase-admin {"declared":true,"installed":true,"version":"13.8.0","resolution":"C:\\academy\\final-project-2-semester\\emotion-app\\functions\\node_modules\\firebase-admin\\lib\\index.js"} {"metadata":{"emulator":{"name":"functions"},"function":{"name":"europe-west1-analyzeEmotion"},"extension":{},"message":"[runtime-status] [20532] Resolved module firebase-admin {\"declared\":true,\"installed\":true,\"version\":\"13.8.0\",\"resolution\":\"C:\\\\academy\\\\final-project-2-semester\\\\emotion-app\\\\functions\\\\node_modules\\\\firebase-admin\\\\lib\\\\index.js\"}"}}
[debug] [2026-05-06T08:23:24.057Z] [runtime-status] [20532] Resolved module firebase-functions {"declared":true,"installed":true,"version":"7.2.5","resolution":"C:\\academy\\final-project-2-semester\\emotion-app\\functions\\node_modules\\firebase-functions\\lib\\v2\\index.js"} {"metadata":{"emulator":{"name":"functions"},"function":{"name":"europe-west1-analyzeEmotion"},"extension":{},"message":"[runtime-status] [20532] Resolved module firebase-functions {\"declared\":true,\"installed\":true,\"version\":\"7.2.5\",\"resolution\":\"C:\\\\academy\\\\final-project-2-semester\\\\emotion-app\\\\functions\\\\node_modules\\\\firebase-functions\\\\lib\\\\v2\\\\index.js\"}"}}
[debug] [2026-05-06T08:23:24.203Z] [runtime-status] [20532] firebase-admin has been stubbed. {"adminResolution":{"declared":true,"installed":true,"version":"13.8.0","resolution":"C:\\academy\\final-project-2-semester\\emotion-app\\functions\\node_modules\\firebase-admin\\lib\\index.js"}} {"metadata":{"emulator":{"name":"functions"},"function":{"name":"europe-west1-analyzeEmotion"},"extension":{},"message":"[runtime-status] [20532] firebase-admin has been stubbed. {\"adminResolution\":{\"declared\":true,\"installed\":true,\"version\":\"13.8.0\",\"resolution\":\"C:\\\\academy\\\\final-project-2-semester\\\\emotion-app\\\\functions\\\\node_modules\\\\firebase-admin\\\\lib\\\\index.js\"}}"}}
[debug] [2026-05-06T08:23:24.209Z] [runtime-status] [20532] Functions runtime initialized. {"cwd":"C:\\academy\\final-project-2-semester\\emotion-app\\functions","node_version":"24.14.1"} {"metadata":{"emulator":{"name":"functions"},"function":{"name":"europe-west1-analyzeEmotion"},"extension":{},"message":"[runtime-status] [20532] Functions runtime initialized. {\"cwd\":\"C:\\\\academy\\\\final-project-2-semester\\\\emotion-app\\\\functions\",\"node_version\":\"24.14.1\"}"}}
[debug] [2026-05-06T08:23:24.209Z] [runtime-status] [20532] Listening to port: \\?\pipe\fire_emu_4597d23de6ba6357 {"metadata":{"emulator":{"name":"functions"},"function":{"name":"europe-west1-analyzeEmotion"},"extension":{},"message":"[runtime-status] [20532] Listening to port: \\\\?\\pipe\\fire_emu_4597d23de6ba6357"}}
[debug] [2026-05-06T08:23:24.232Z] [worker-europe-west1-analyzeEmotion-11a0e3e1-acab-4906-b0cf-c1b9e5374742]: IDLE {"metadata":{"emulator":{"name":"functions"},"function":{"name":"europe-west1-analyzeEmotion"},"extension":{},"message":"[worker-europe-west1-analyzeEmotion-11a0e3e1-acab-4906-b0cf-c1b9e5374742]: IDLE"}}
[debug] [2026-05-06T08:23:24.233Z] [worker-pool] submitRequest(triggerId=europe-west1-analyzeEmotion) {"metadata":{"emulator":{"name":"functions"},"message":"[worker-pool] submitRequest(triggerId=europe-west1-analyzeEmotion)"}}
[info] i  functions: Beginning execution of "europe-west1-analyzeEmotion" {"metadata":{"emulator":{"name":"functions"},"function":{"name":"europe-west1-analyzeEmotion"},"extension":{},"message":"Beginning execution of \"europe-west1-analyzeEmotion\""}}
[debug] [2026-05-06T08:23:24.233Z] [worker-europe-west1-analyzeEmotion-11a0e3e1-acab-4906-b0cf-c1b9e5374742]: BUSY {"metadata":{"emulator":{"name":"functions"},"function":{"name":"europe-west1-analyzeEmotion"},"extension":{},"message":"[worker-europe-west1-analyzeEmotion-11a0e3e1-acab-4906-b0cf-c1b9e5374742]: BUSY"}}
[debug] [2026-05-06T08:23:24.235Z] Finishing up request with event=pause {"metadata":{"emulator":{"name":"functions"},"function":{"name":"europe-west1-analyzeEmotion"},"extension":{},"message":"Finishing up request with event=pause"}}
[info] i  functions: Finished "europe-west1-analyzeEmotion" in 2.2132ms {"metadata":{"emulator":{"name":"functions"},"function":{"name":"europe-west1-analyzeEmotion"},"extension":{},"message":"Finished \"europe-west1-analyzeEmotion\" in 2.2132ms"}}
[debug] [2026-05-06T08:23:24.235Z] [worker-europe-west1-analyzeEmotion-11a0e3e1-acab-4906-b0cf-c1b9e5374742]: IDLE {"metadata":{"emulator":{"name":"functions"},"function":{"name":"europe-west1-analyzeEmotion"},"extension":{},"message":"[worker-europe-west1-analyzeEmotion-11a0e3e1-acab-4906-b0cf-c1b9e5374742]: IDLE"}}
[debug] [2026-05-06T08:23:24.236Z] Finishing up request with event=finish {"metadata":{"emulator":{"name":"functions"},"function":{"name":"europe-west1-analyzeEmotion"},"extension":{},"message":"Finishing up request with event=finish"}}
[debug] [2026-05-06T08:23:24.236Z] Finishing up request with event=close {"metadata":{"emulator":{"name":"functions"},"function":{"name":"europe-west1-analyzeEmotion"},"extension":{},"message":"Finishing up request with event=close"}}
[debug] [2026-05-06T08:23:24.236Z] [work-queue] {"queuedWork":[],"queueLength":0,"runningWork":[],"workRunningCount":0}
[debug] [2026-05-06T08:23:24.236Z] [work-queue] {"queuedWork":["/emotion-diary-24141/europe-west1/analyzeEmotion-2026-05-06T08:23:24.236Z"],"queueLength":1,"runningWork":[],"workRunningCount":0}
[debug] [2026-05-06T08:23:24.236Z] [work-queue] {"queuedWork":[],"queueLength":0,"runningWork":["/emotion-diary-24141/europe-west1/analyzeEmotion-2026-05-06T08:23:24.236Z"],"workRunningCount":1}
[debug] [2026-05-06T08:23:24.236Z] Accepted request POST /emotion-diary-24141/europe-west1/analyzeEmotion --> europe-west1-analyzeEmotion
[debug] [2026-05-06T08:23:24.237Z] [functions] Runtime ready! Sending request! {"metadata":{"emulator":{"name":"functions"},"message":"[functions] Runtime ready! Sending request!"}}
[debug] [2026-05-06T08:23:24.237Z] [functions] Got req.url=/emotion-diary-24141/europe-west1/analyzeEmotion, mapping to path=/ {"metadata":{"emulator":{"name":"functions"},"message":"[functions] Got req.url=/emotion-diary-24141/europe-west1/analyzeEmotion, mapping to path=/"}}
[debug] [2026-05-06T08:23:24.237Z] [worker-pool] submitRequest(triggerId=europe-west1-analyzeEmotion) {"metadata":{"emulator":{"name":"functions"},"message":"[worker-pool] submitRequest(triggerId=europe-west1-analyzeEmotion)"}}
[info] i  functions: Beginning execution of "europe-west1-analyzeEmotion" {"metadata":{"emulator":{"name":"functions"},"function":{"name":"europe-west1-analyzeEmotion"},"extension":{},"message":"Beginning execution of \"europe-west1-analyzeEmotion\""}}
[debug] [2026-05-06T08:23:24.237Z] [worker-europe-west1-analyzeEmotion-11a0e3e1-acab-4906-b0cf-c1b9e5374742]: BUSY {"metadata":{"emulator":{"name":"functions"},"function":{"name":"europe-west1-analyzeEmotion"},"extension":{},"message":"[worker-europe-west1-analyzeEmotion-11a0e3e1-acab-4906-b0cf-c1b9e5374742]: BUSY"}}
[info] >  {"verifications":{"app":"MISSING","auth":"VALID"},"logging.googleapis.com/labels":{"firebase-log-type":"callable-request-verification"},"severity":"DEBUG","message":"Callable request verification passed"} {"user":{"verifications":{"app":"MISSING","auth":"VALID"},"logging.googleapis.com/labels":{"firebase-log-type":"callable-request-verification"},"severity":"DEBUG","message":"Callable request verification passed"},"metadata":{"emulator":{"name":"functions"},"function":{"name":"europe-west1-analyzeEmotion"},"extension":{},"message":"\u001b[90m> \u001b[39m {\"verifications\":{\"app\":\"MISSING\",\"auth\":\"VALID\"},\"logging.googleapis.com/labels\":{\"firebase-log-type\":\"callable-request-verification\"},\"severity\":\"DEBUG\",\"message\":\"Callable request verification passed\"}"}}
[debug] [2026-05-06T08:23:24.246Z] Finishing up request with event=pause {"metadata":{"emulator":{"name":"functions"},"function":{"name":"europe-west1-analyzeEmotion"},"extension":{},"message":"Finishing up request with event=pause"}}
[info] i  functions: Finished "europe-west1-analyzeEmotion" in 8.9136ms {"metadata":{"emulator":{"name":"functions"},"function":{"name":"europe-west1-analyzeEmotion"},"extension":{},"message":"Finished \"europe-west1-analyzeEmotion\" in 8.9136ms"}}
[debug] [2026-05-06T08:23:24.246Z] [worker-europe-west1-analyzeEmotion-11a0e3e1-acab-4906-b0cf-c1b9e5374742]: IDLE {"metadata":{"emulator":{"name":"functions"},"function":{"name":"europe-west1-analyzeEmotion"},"extension":{},"message":"[worker-europe-west1-analyzeEmotion-11a0e3e1-acab-4906-b0cf-c1b9e5374742]: IDLE"}}
[debug] [2026-05-06T08:23:24.246Z] Finishing up request with event=finish {"metadata":{"emulator":{"name":"functions"},"function":{"name":"europe-west1-analyzeEmotion"},"extension":{},"message":"Finishing up request with event=finish"}}
[debug] [2026-05-06T08:23:24.246Z] Finishing up request with event=close {"metadata":{"emulator":{"name":"functions"},"function":{"name":"europe-west1-analyzeEmotion"},"extension":{},"message":"Finishing up request with event=close"}}
[debug] [2026-05-06T08:23:24.246Z] [work-queue] {"queuedWork":[],"queueLength":0,"runningWork":[],"workRunningCount":0}
